cell framed-download:1:1 done (15 samples)
cell framed-download:1:4 done (15 samples)
cell framed-download:1:32 done (15 samples)
cell framed-download:32:1 done (15 samples)
cell framed-download:32:4 done (15 samples)
cell framed-download:32:32 done (15 samples)
cell framed-download:512:1 done (9 samples)
cell framed-download:512:32 done (9 samples)
cell direct-download:1:1 done (15 samples)
cell direct-download:1:4 done (15 samples)
INVALID SAMPLE direct-download:1:32 xray#1: curl rc=35: curl: (35) TLS connect error: error:0A000126:SSL routines::unexpected eof while reading
cell direct-download:1:32 done (15 samples)
cell direct-download:32:1 done (15 samples)
cell direct-download:32:4 done (15 samples)
INVALID SAMPLE direct-download:32:32 final#0: curl rc=35: curl: (35) TLS connect error: error:0A000126:SSL routines::unexpected eof while reading
INVALID SAMPLE direct-download:32:32 baseline#0: curl rc=35: curl: (35) TLS connect error: error:0A000126:SSL routines::unexpected eof while reading
INVALID SAMPLE direct-download:32:32 final#1: curl rc=35: curl: (35) TLS connect error: error:0A000126:SSL routines::unexpected eof while reading
INVALID SAMPLE direct-download:32:32 baseline#1: curl rc=35: curl: (35) TLS connect error: error:0A000126:SSL routines::unexpected eof while reading
INVALID SAMPLE direct-download:32:32 xray#0: curl rc=35: curl: (35) TLS connect error: error:0A000126:SSL routines::unexpected eof while reading
INVALID SAMPLE direct-download:32:32 baseline#2: curl rc=35: curl: (35) TLS connect error: error:0A000126:SSL routines::unexpected eof while reading
INVALID SAMPLE direct-download:32:32 xray#1: curl rc=35: curl: (35) TLS connect error: error:0A000126:SSL routines::unexpected eof while reading
INVALID SAMPLE direct-download:32:32 xray#2: curl rc=35: curl: (35) TLS connect error: error:0A000126:SSL routines::unexpected eof while reading
INVALID SAMPLE direct-download:32:32 xray#3: curl rc=35: curl: (35) TLS connect error: error:0A000126:SSL routines::unexpected eof while reading
INVALID SAMPLE direct-download:32:32 final#2: curl rc=35: curl: (35) TLS connect error: error:0A000126:SSL routines::unexpected eof while reading
INVALID SAMPLE direct-download:32:32 baseline#3: curl rc=35: curl: (35) TLS connect error: error:0A000126:SSL routines::unexpected eof while reading
INVALID SAMPLE direct-download:32:32 final#3: curl rc=35: curl: (35) TLS connect error: error:0A000126:SSL routines::unexpected eof while reading
INVALID SAMPLE direct-download:32:32 final#4: curl rc=35: curl: (35) TLS connect error: error:0A000126:SSL routines::unexpected eof while reading
INVALID SAMPLE direct-download:32:32 xray#4: curl rc=35: curl: (35) TLS connect error: error:0A000126:SSL routines::unexpected eof while reading
INVALID SAMPLE direct-download:32:32 baseline#4: curl rc=35: curl: (35) TLS connect error: error:0A000126:SSL routines::unexpected eof while reading
cell direct-download:32:32 done (15 samples)
cell direct-download:512:1 done (9 samples)
INVALID SAMPLE direct-download:512:32 xray#0: curl rc=35: curl: (35) TLS connect error: error:0A000126:SSL routines::unexpected eof while reading
INVALID SAMPLE direct-download:512:32 final#0: curl rc=35: curl: (35) TLS connect error: error:0A000126:SSL routines::unexpected eof while reading
INVALID SAMPLE direct-download:512:32 xray#1: curl rc=35: curl: (35) TLS connect error: error:0A000126:SSL routines::unexpected eof while reading
INVALID SAMPLE direct-download:512:32 baseline#0: curl rc=35: curl: (35) TLS connect error: error:0A000126:SSL routines::unexpected eof while reading
INVALID SAMPLE direct-download:512:32 baseline#1: curl rc=35: curl: (35) TLS connect error: error:0A000126:SSL routines::unexpected eof while reading
INVALID SAMPLE direct-download:512:32 final#1: curl rc=35: curl: (35) TLS connect error: error:0A000126:SSL routines::unexpected eof while reading
INVALID SAMPLE direct-download:512:32 xray#2: curl rc=35: curl: (35) TLS connect error: error:0A000126:SSL routines::unexpected eof while reading
INVALID SAMPLE direct-download:512:32 final#2: curl rc=35: curl: (35) TLS connect error: error:0A000126:SSL routines::unexpected eof while reading
INVALID SAMPLE direct-download:512:32 baseline#2: curl rc=35: curl: (35) TLS connect error: error:0A000126:SSL routines::unexpected eof while reading
cell direct-download:512:32 done (9 samples)
cell framed-upload:1:1 done (15 samples)
cell framed-upload:1:4 done (15 samples)
cell framed-upload:1:32 done (15 samples)
cell framed-upload:32:1 done (15 samples)
cell framed-upload:32:4 done (15 samples)
cell framed-upload:32:32 done (15 samples)
cell framed-upload:512:1 done (9 samples)
cell framed-upload:512:32 done (9 samples)
cell direct-upload:1:1 done (15 samples)
cell direct-upload:1:4 done (15 samples)
INVALID SAMPLE direct-upload:1:32 xray#0: curl rc=35: curl: (35) TLS connect error: error:0A000126:SSL routines::unexpected eof while reading
INVALID SAMPLE direct-upload:1:32 final#0: curl rc=35: curl: (35) TLS connect error: error:0A000126:SSL routines::unexpected eof while reading
INVALID SAMPLE direct-upload:1:32 final#1: https origin logged 93 PUTs, expected 32
INVALID SAMPLE direct-upload:1:32 baseline#2: curl rc=35: curl: (35) TLS connect error: error:0A000126:SSL routines::unexpected eof while reading
INVALID SAMPLE direct-upload:1:32 xray#3: https origin logged 63 PUTs, expected 32
INVALID SAMPLE direct-upload:1:32 baseline#4: curl rc=35: curl: (35) TLS connect error: error:0A000126:SSL routines::unexpected eof while reading
INVALID SAMPLE direct-upload:1:32 final#4: https origin logged 62 PUTs, expected 32
cell direct-upload:1:32 done (15 samples)
cell direct-upload:32:1 done (15 samples)
cell direct-upload:32:4 done (15 samples)
INVALID SAMPLE direct-upload:32:32 final#0: curl rc=35: curl: (35) TLS connect error: error:0A000126:SSL routines::unexpected eof while reading
INVALID SAMPLE direct-upload:32:32 final#1: curl rc=35: curl: (35) TLS connect error: error:0A000126:SSL routines::unexpected eof while reading
INVALID SAMPLE direct-upload:32:32 xray#0: curl rc=35: curl: (35) TLS connect error: error:0A000126:SSL routines::unexpected eof while reading
INVALID SAMPLE direct-upload:32:32 xray#1: curl rc=35: curl: (35) TLS connect error: error:0A000126:SSL routines::unexpected eof while reading
INVALID SAMPLE direct-upload:32:32 final#2: curl rc=35: curl: (35) TLS connect error: error:0A000126:SSL routines::unexpected eof while reading
INVALID SAMPLE direct-upload:32:32 xray#2: curl rc=35: curl: (35) TLS connect error: error:0A000126:SSL routines::unexpected eof while reading
INVALID SAMPLE direct-upload:32:32 xray#3: https origin logged 174 PUTs, expected 32
INVALID SAMPLE direct-upload:32:32 final#3: curl rc=35: curl: (35) TLS connect error: error:0A000126:SSL routines::unexpected eof while reading
INVALID SAMPLE direct-upload:32:32 baseline#0: https origin logged 59 PUTs, expected 32
INVALID SAMPLE direct-upload:32:32 xray#4: curl rc=35: curl: (35) TLS connect error: error:0A000126:SSL routines::unexpected eof while reading
INVALID SAMPLE direct-upload:32:32 baseline#1: curl rc=35: curl: (35) TLS connect error: error:0A000126:SSL routines::unexpected eof while reading
INVALID SAMPLE direct-upload:32:32 baseline#2: curl rc=35: curl: (35) TLS connect error: error:0A000126:SSL routines::unexpected eof while reading
INVALID SAMPLE direct-upload:32:32 final#4: https origin logged 107 PUTs, expected 32
INVALID SAMPLE direct-upload:32:32 baseline#3: curl rc=35: curl: (35) TLS connect error: error:0A000126:SSL routines::unexpected eof while reading
INVALID SAMPLE direct-upload:32:32 baseline#4: curl rc=35: curl: (35) TLS connect error: error:0A000126:SSL routines::unexpected eof while reading
cell direct-upload:32:32 done (15 samples)
INVALID SAMPLE direct-upload:512:1 final#0: https origin logged 52 PUTs, expected 1; https origin received 33554432 != 536870912 bytes; https origin received 33554432 != 536870912 bytes; https origin received 33554432 != 536870912 bytes; https origin received 33554432 != 536870912 bytes; https origin received 33554432 != 536870912 bytes; https origin received 33554432 != 536870912 bytes; https origin received 33554432 != 536870912 bytes; https origin received 33554432 != 536870912 bytes; https origin received 33554432 != 536870912 bytes; https origin received 33554432 != 536870912 bytes; https origin received 33554432 != 536870912 bytes; https origin received 33554432 != 536870912 bytes; https origin received 33554432 != 536870912 bytes; https origin received 33554432 != 536870912 bytes; https origin received 33554432 != 536870912 bytes; https origin received 33554432 != 536870912 bytes; https origin received 33554432 != 536870912 bytes; https origin received 33554432 != 536870912 bytes; https origin received 33554432 != 536870912 bytes; https origin received 33554432 != 536870912 bytes; https origin received 33554432 != 536870912 bytes; https origin received 33554432 != 536870912 bytes; https origin received 33554432 != 536870912 bytes; https origin received 33554432 != 536870912 bytes; https origin received 33554432 != 536870912 bytes; https origin received 33554432 != 536870912 bytes; https origin received 33554432 != 536870912 bytes; https origin received 33554432 != 536870912 bytes; https origin received 33554432 != 536870912 bytes; https origin received 33554432 != 536870912 bytes; https origin received 33554432 != 536870912 bytes; https origin received 33554432 != 536870912 bytes; https origin received 33554432 != 536870912 bytes; https origin received 33554432 != 536870912 bytes; https origin received 33554432 != 536870912 bytes; https origin received 33554432 != 536870912 bytes; https origin received 33554432 != 536870912 bytes; https origin received 33554432 != 536870912 bytes; https origin received 33554432 != 536870912 bytes; https origin received 33554432 != 536870912 bytes; https origin received 33554432 != 536870912 bytes; https origin received 33554432 != 536870912 bytes; https origin received 33554432 != 536870912 bytes; https origin received 33554432 != 536870912 bytes; https origin received 33554432 != 536870912 bytes; https origin received 33554432 != 536870912 bytes; https origin received 33554432 != 536870912 bytes; https origin received 33554432 != 536870912 bytes; https origin received 33554432 != 536870912 bytes; https origin received 33554432 != 536870912 bytes; https origin received 33554432 != 536870912 bytes
cell direct-upload:512:1 done (9 samples)
INVALID SAMPLE direct-upload:512:32 baseline#0: curl rc=35: curl: (35) TLS connect error: error:0A000126:SSL routines::unexpected eof while reading
INVALID SAMPLE direct-upload:512:32 final#1: curl rc=35: curl: (35) TLS connect error: error:0A000126:SSL routines::unexpected eof while reading
INVALID SAMPLE direct-upload:512:32 baseline#1: https origin logged 86 PUTs, expected 32
INVALID SAMPLE direct-upload:512:32 final#2: curl rc=35: curl: (35) TLS connect error: error:0A000126:SSL routines::unexpected eof while reading
INVALID SAMPLE direct-upload:512:32 xray#1: https origin logged 58 PUTs, expected 32
INVALID SAMPLE direct-upload:512:32 baseline#2: curl rc=35: curl: (35) TLS connect error: error:0A000126:SSL routines::unexpected eof while reading
INVALID SAMPLE direct-upload:512:32 xray#2: curl rc=35: curl: (35) TLS connect error: error:0A000126:SSL routines::unexpected eof while reading
cell direct-upload:512:32 done (9 samples)
INVALID SAMPLE bidi:1:1 baseline#0: https origin logged 56 PUTs, expected 1; https origin received 536870912 != 1048576 bytes; https origin received 536870912 != 1048576 bytes; https origin received 536870912 != 1048576 bytes; https origin received 536870912 != 1048576 bytes; https origin received 536870912 != 1048576 bytes; https origin received 536870912 != 1048576 bytes; https origin received 536870912 != 1048576 bytes; https origin received 536870912 != 1048576 bytes; https origin received 536870912 != 1048576 bytes; https origin received 536870912 != 1048576 bytes; https origin received 536870912 != 1048576 bytes; https origin received 536870912 != 1048576 bytes; https origin received 536870912 != 1048576 bytes; https origin received 536870912 != 1048576 bytes; https origin received 536870912 != 1048576 bytes; https origin received 536870912 != 1048576 bytes; https origin received 536870912 != 1048576 bytes; https origin received 536870912 != 1048576 bytes; https origin received 536870912 != 1048576 bytes; https origin received 536870912 != 1048576 bytes; https origin received 536870912 != 1048576 bytes; https origin received 536870912 != 1048576 bytes; https origin received 536870912 != 1048576 bytes; https origin received 536870912 != 1048576 bytes; https origin received 536870912 != 1048576 bytes; https origin received 536870912 != 1048576 bytes; https origin received 536870912 != 1048576 bytes; https origin received 536870912 != 1048576 bytes; https origin received 536870912 != 1048576 bytes; https origin received 536870912 != 1048576 bytes; https origin received 536870912 != 1048576 bytes; https origin received 536870912 != 1048576 bytes; https origin received 536870912 != 1048576 bytes; https origin received 536870912 != 1048576 bytes; https origin received 536870912 != 1048576 bytes; https origin received 536870912 != 1048576 bytes; https origin received 536870912 != 1048576 bytes; https origin received 536870912 != 1048576 bytes; https origin received 536870912 != 1048576 bytes; https origin received 536870912 != 1048576 bytes; https origin received 536870912 != 1048576 bytes; https origin received 536870912 != 1048576 bytes; https origin received 536870912 != 1048576 bytes; https origin received 536870912 != 1048576 bytes; https origin received 536870912 != 1048576 bytes; https origin received 536870912 != 1048576 bytes; https origin received 536870912 != 1048576 bytes; https origin received 536870912 != 1048576 bytes; https origin received 536870912 != 1048576 bytes; https origin received 536870912 != 1048576 bytes; https origin received 536870912 != 1048576 bytes; https origin received 536870912 != 1048576 bytes; https origin received 536870912 != 1048576 bytes; https origin received 536870912 != 1048576 bytes; https origin received 536870912 != 1048576 bytes
cell bidi:1:1 done (15 samples)
cell bidi:1:4 done (15 samples)
INVALID SAMPLE bidi:1:32 baseline#0: curl rc=35: curl: (35) TLS connect error: error:0A000126:SSL routines::unexpected eof while reading
INVALID SAMPLE bidi:1:32 final#0: curl rc=35: curl: (35) TLS connect error: error:0A000126:SSL routines::unexpected eof while reading
INVALID SAMPLE bidi:1:32 xray#0: curl rc=35: curl: (35) TLS connect error: error:0A000126:SSL routines::unexpected eof while reading
INVALID SAMPLE bidi:1:32 xray#1: curl rc=35: curl: (35) TLS connect error: error:0A000126:SSL routines::unexpected eof while reading
INVALID SAMPLE bidi:1:32 baseline#1: curl rc=35: curl: (35) TLS connect error: error:0A000126:SSL routines::unexpected eof while reading
INVALID SAMPLE bidi:1:32 final#1: curl rc=35: curl: (35) TLS connect error: error:0A000126:SSL routines::unexpected eof while reading
INVALID SAMPLE bidi:1:32 xray#2: curl rc=35: curl: (35) TLS connect error: error:0A000126:SSL routines::unexpected eof while reading
INVALID SAMPLE bidi:1:32 final#2: curl rc=35: curl: (35) TLS connect error: error:0A000126:SSL routines::unexpected eof while reading
INVALID SAMPLE bidi:1:32 xray#3: curl rc=35: curl: (35) TLS connect error: error:0A000126:SSL routines::unexpected eof while reading
INVALID SAMPLE bidi:1:32 final#3: curl rc=35: curl: (35) TLS connect error: error:0A000126:SSL routines::unexpected eof while reading
INVALID SAMPLE bidi:1:32 final#4: curl rc=35: curl: (35) TLS connect error: error:0A000126:SSL routines::unexpected eof while reading
INVALID SAMPLE bidi:1:32 baseline#2: curl rc=35: curl: (35) TLS connect error: error:0A000126:SSL routines::unexpected eof while reading
INVALID SAMPLE bidi:1:32 baseline#3: curl rc=35: curl: (35) TLS connect error: error:0A000126:SSL routines::unexpected eof while reading
INVALID SAMPLE bidi:1:32 baseline#4: https origin logged 422 PUTs, expected 32
INVALID SAMPLE bidi:1:32 xray#4: curl rc=35: curl: (35) TLS connect error: error:0A000126:SSL routines::unexpected eof while reading
cell bidi:1:32 done (15 samples)
INVALID SAMPLE bidi:32:1 baseline#0: https origin logged 32 PUTs, expected 1; https origin received 1048576 != 33554432 bytes; https origin received 1048576 != 33554432 bytes; https origin received 1048576 != 33554432 bytes; https origin received 1048576 != 33554432 bytes; https origin received 1048576 != 33554432 bytes; https origin received 1048576 != 33554432 bytes; https origin received 1048576 != 33554432 bytes; https origin received 1048576 != 33554432 bytes; https origin received 1048576 != 33554432 bytes; https origin received 1048576 != 33554432 bytes; https origin received 1048576 != 33554432 bytes; https origin received 1048576 != 33554432 bytes; https origin received 1048576 != 33554432 bytes; https origin received 1048576 != 33554432 bytes; https origin received 1048576 != 33554432 bytes; https origin received 1048576 != 33554432 bytes; https origin received 1048576 != 33554432 bytes; https origin received 1048576 != 33554432 bytes; https origin received 1048576 != 33554432 bytes; https origin received 1048576 != 33554432 bytes; https origin received 1048576 != 33554432 bytes; https origin received 1048576 != 33554432 bytes; https origin received 1048576 != 33554432 bytes; https origin received 1048576 != 33554432 bytes; https origin received 1048576 != 33554432 bytes; https origin received 1048576 != 33554432 bytes; https origin received 1048576 != 33554432 bytes; https origin received 1048576 != 33554432 bytes; https origin received 1048576 != 33554432 bytes; https origin received 1048576 != 33554432 bytes; https origin received 1048576 != 33554432 bytes
cell bidi:32:1 done (15 samples)
cell bidi:32:4 done (15 samples)
INVALID SAMPLE bidi:32:32 baseline#0: curl rc=35: curl: (35) TLS connect error: error:0A000126:SSL routines::unexpected eof while reading
INVALID SAMPLE bidi:32:32 final#0: curl rc=35: curl: (35) TLS connect error: error:0A000126:SSL routines::unexpected eof while reading
INVALID SAMPLE bidi:32:32 baseline#1: curl rc=35: curl: (35) TLS connect error: error:0A000126:SSL routines::unexpected eof while reading
INVALID SAMPLE bidi:32:32 final#1: curl rc=35: curl: (35) TLS connect error: error:0A000126:SSL routines::unexpected eof while reading
INVALID SAMPLE bidi:32:32 baseline#2: curl rc=35: curl: (35) TLS connect error: error:0A000126:SSL routines::unexpected eof while reading
INVALID SAMPLE bidi:32:32 final#2: curl rc=35: curl: (35) TLS connect error: error:0A000126:SSL routines::unexpected eof while reading
INVALID SAMPLE bidi:32:32 final#3: curl rc=35: curl: (35) TLS connect error: error:0A000126:SSL routines::unexpected eof while reading
INVALID SAMPLE bidi:32:32 xray#0: curl rc=35: curl: (35) TLS connect error: error:0A000126:SSL routines::unexpected eof while reading
INVALID SAMPLE bidi:32:32 baseline#3: curl rc=35: curl: (35) TLS connect error: error:0A000126:SSL routines::unexpected eof while reading
INVALID SAMPLE bidi:32:32 xray#1: curl rc=35: curl: (35) TLS connect error: error:0A000126:SSL routines::unexpected eof while reading
INVALID SAMPLE bidi:32:32 baseline#4: curl rc=35: curl: (35) TLS connect error: error:0A000126:SSL routines::unexpected eof while reading
INVALID SAMPLE bidi:32:32 xray#2: curl rc=35: curl: (35) TLS connect error: error:0A000126:SSL routines::unexpected eof while reading
INVALID SAMPLE bidi:32:32 xray#3: curl rc=35: curl: (35) TLS connect error: error:0A000126:SSL routines::unexpected eof while reading
INVALID SAMPLE bidi:32:32 final#4: curl rc=35: curl: (35) TLS connect error: error:0A000126:SSL routines::unexpected eof while reading
INVALID SAMPLE bidi:32:32 xray#4: curl rc=35: curl: (35) TLS connect error: error:0A000126:SSL routines::unexpected eof while reading
cell bidi:32:32 done (15 samples)
INVALID SAMPLE bidi:512:1 xray#0: https origin logged 271 PUTs, expected 1; https origin received 33554432 != 536870912 bytes; https origin received 33554432 != 536870912 bytes; https origin received 33554432 != 536870912 bytes; https origin received 33554432 != 536870912 bytes; https origin received 33554432 != 536870912 bytes; https origin received 33554432 != 536870912 bytes; https origin received 33554432 != 536870912 bytes; https origin received 33554432 != 536870912 bytes; https origin received 33554432 != 536870912 bytes; https origin received 33554432 != 536870912 bytes; https origin received 33554432 != 536870912 bytes; https origin received 33554432 != 536870912 bytes; https origin received 33554432 != 536870912 bytes; https origin received 33554432 != 536870912 bytes; https origin received 33554432 != 536870912 bytes; https origin received 33554432 != 536870912 bytes; https origin received 33554432 != 536870912 bytes; https origin received 33554432 != 536870912 bytes; https origin received 33554432 != 536870912 bytes; https origin received 33554432 != 536870912 bytes; https origin received 33554432 != 536870912 bytes; https origin received 33554432 != 536870912 bytes; https origin received 33554432 != 536870912 bytes; https origin received 33554432 != 536870912 bytes; https origin received 33554432 != 536870912 bytes; https origin received 33554432 != 536870912 bytes; https origin received 33554432 != 536870912 bytes; https origin received 33554432 != 536870912 bytes; https origin received 33554432 != 536870912 bytes; https origin received 33554432 != 536870912 bytes; https origin received 33554432 != 536870912 bytes; https origin received 33554432 != 536870912 bytes; https origin received 33554432 != 536870912 bytes; https origin received 33554432 != 536870912 bytes; https origin received 33554432 != 536870912 bytes; https origin received 33554432 != 536870912 bytes; https origin received 33554432 != 536870912 bytes; https origin received 33554432 != 536870912 bytes; https origin received 33554432 != 536870912 bytes; https origin received 33554432 != 536870912 bytes; https origin received 33554432 != 536870912 bytes; https origin received 33554432 != 536870912 bytes; https origin received 33554432 != 536870912 bytes; https origin received 33554432 != 536870912 bytes; https origin received 33554432 != 536870912 bytes; https origin received 33554432 != 536870912 bytes; https origin received 33554432 != 536870912 bytes; https origin received 33554432 != 536870912 bytes; https origin received 33554432 != 536870912 bytes; https origin received 33554432 != 536870912 bytes; https origin received 33554432 != 536870912 bytes; https origin received 33554432 != 536870912 bytes; https origin received 33554432 != 536870912 bytes; https origin received 33554432 != 536870912 bytes; https origin received 33554432 != 536870912 bytes; https origin received 33554432 != 536870912 bytes; https origin received 33554432 != 536870912 bytes; https origin received 33554432 != 536870912 bytes; https origin received 33554432 != 536870912 bytes; https origin received 33554432 != 536870912 bytes; https origin received 33554432 != 536870912 bytes; https origin received 33554432 != 536870912 bytes; https origin received 33554432 != 536870912 bytes; https origin received 33554432 != 536870912 bytes; https origin received 33554432 != 536870912 bytes; https origin received 33554432 != 536870912 bytes; https origin received 33554432 != 536870912 bytes; https origin received 33554432 != 536870912 bytes; https origin received 33554432 != 536870912 bytes; https origin received 33554432 != 536870912 bytes; https origin received 33554432 != 536870912 bytes; https origin received 33554432 != 536870912 bytes; https origin received 33554432 != 536870912 bytes; https origin received 33554432 != 536870912 bytes; https origin received 33554432 != 536870912 bytes; https origin received 33554432 != 536870912 bytes; https origin received 33554432 != 536870912 bytes; https origin received 33554432 != 536870912 bytes; https origin received 33554432 != 536870912 bytes; https origin received 33554432 != 536870912 bytes; https origin received 33554432 != 536870912 bytes; https origin received 33554432 != 536870912 bytes; https origin received 33554432 != 536870912 bytes; https origin received 33554432 != 536870912 bytes; https origin received 33554432 != 536870912 bytes; https origin received 33554432 != 536870912 bytes; https origin received 33554432 != 536870912 bytes; https origin received 33554432 != 536870912 bytes; https origin received 33554432 != 536870912 bytes; https origin received 33554432 != 536870912 bytes; https origin received 33554432 != 536870912 bytes; https origin received 33554432 != 536870912 bytes; https origin received 33554432 != 536870912 bytes; https origin received 33554432 != 536870912 bytes; https origin received 33554432 != 536870912 bytes; https origin received 33554432 != 536870912 bytes; https origin received 33554432 != 536870912 bytes; https origin received 33554432 != 536870912 bytes; https origin received 33554432 != 536870912 bytes; https origin received 33554432 != 536870912 bytes; https origin received 33554432 != 536870912 bytes; https origin received 33554432 != 536870912 bytes; https origin received 33554432 != 536870912 bytes; https origin received 33554432 != 536870912 bytes; https origin received 33554432 != 536870912 bytes; https origin received 33554432 != 536870912 bytes; https origin received 33554432 != 536870912 bytes; https origin received 33554432 != 536870912 bytes; https origin received 33554432 != 536870912 bytes; https origin received 33554432 != 536870912 bytes; https origin received 33554432 != 536870912 bytes; https origin received 33554432 != 536870912 bytes; https origin received 33554432 != 536870912 bytes; https origin received 33554432 != 536870912 bytes; https origin received 33554432 != 536870912 bytes; https origin received 33554432 != 536870912 bytes; https origin received 33554432 != 536870912 bytes; https origin received 33554432 != 536870912 bytes; https origin received 33554432 != 536870912 bytes; https origin received 33554432 != 536870912 bytes; https origin received 33554432 != 536870912 bytes; https origin received 33554432 != 536870912 bytes; https origin received 33554432 != 536870912 bytes; https origin received 33554432 != 536870912 bytes; https origin received 33554432 != 536870912 bytes; https origin received 33554432 != 536870912 bytes; https origin received 33554432 != 536870912 bytes; https origin received 33554432 != 536870912 bytes; https origin received 33554432 != 536870912 bytes; https origin received 33554432 != 536870912 bytes; https origin received 33554432 != 536870912 bytes; https origin received 33554432 != 536870912 bytes; https origin received 33554432 != 536870912 bytes; https origin received 33554432 != 536870912 bytes; https origin received 33554432 != 536870912 bytes; https origin received 33554432 != 536870912 bytes; https origin received 33554432 != 536870912 bytes; https origin received 33554432 != 536870912 bytes; https origin received 33554432 != 536870912 bytes; https origin received 33554432 != 536870912 bytes; https origin received 33554432 != 536870912 bytes; https origin received 33554432 != 536870912 bytes; https origin received 33554432 != 536870912 bytes; https origin received 33554432 != 536870912 bytes; https origin received 33554432 != 536870912 bytes; https origin received 33554432 != 536870912 bytes; https origin received 33554432 != 536870912 bytes; https origin received 33554432 != 536870912 bytes; https origin received 33554432 != 536870912 bytes; https origin received 33554432 != 536870912 bytes; https origin received 33554432 != 536870912 bytes; https origin received 33554432 != 536870912 bytes; https origin received 33554432 != 536870912 bytes; https origin received 33554432 != 536870912 bytes; https origin received 33554432 != 536870912 bytes; https origin received 33554432 != 536870912 bytes; https origin received 33554432 != 536870912 bytes; https origin received 33554432 != 536870912 bytes; https origin received 33554432 != 536870912 bytes; https origin received 33554432 != 536870912 bytes; https origin received 33554432 != 536870912 bytes; https origin received 33554432 != 536870912 bytes; https origin received 33554432 != 536870912 bytes; https origin received 33554432 != 536870912 bytes; https origin received 33554432 != 536870912 bytes; https origin received 33554432 != 536870912 bytes; https origin received 33554432 != 536870912 bytes; https origin received 33554432 != 536870912 bytes; https origin received 33554432 != 536870912 bytes; https origin received 33554432 != 536870912 bytes; https origin received 33554432 != 536870912 bytes; https origin received 33554432 != 536870912 bytes; https origin received 33554432 != 536870912 bytes; https origin received 33554432 != 536870912 bytes; https origin received 33554432 != 536870912 bytes; https origin received 33554432 != 536870912 bytes; https origin received 33554432 != 536870912 bytes; https origin received 33554432 != 536870912 bytes; https origin received 33554432 != 536870912 bytes; https origin received 33554432 != 536870912 bytes; https origin received 33554432 != 536870912 bytes; https origin received 33554432 != 536870912 bytes; https origin received 33554432 != 536870912 bytes; https origin received 33554432 != 536870912 bytes; https origin received 33554432 != 536870912 bytes; https origin received 33554432 != 536870912 bytes; https origin received 33554432 != 536870912 bytes; https origin received 33554432 != 536870912 bytes; https origin received 33554432 != 536870912 bytes; https origin received 33554432 != 536870912 bytes; https origin received 33554432 != 536870912 bytes; https origin received 33554432 != 536870912 bytes; https origin received 33554432 != 536870912 bytes; https origin received 33554432 != 536870912 bytes; https origin received 33554432 != 536870912 bytes; https origin received 33554432 != 536870912 bytes; https origin received 33554432 != 536870912 bytes; https origin received 33554432 != 536870912 bytes; https origin received 33554432 != 536870912 bytes; https origin received 33554432 != 536870912 bytes; https origin received 33554432 != 536870912 bytes; https origin received 33554432 != 536870912 bytes; https origin received 33554432 != 536870912 bytes; https origin received 33554432 != 536870912 bytes; https origin received 33554432 != 536870912 bytes; https origin received 33554432 != 536870912 bytes; https origin received 33554432 != 536870912 bytes; https origin received 33554432 != 536870912 bytes; https origin received 33554432 != 536870912 bytes; https origin received 33554432 != 536870912 bytes; https origin received 33554432 != 536870912 bytes; https origin received 33554432 != 536870912 bytes; https origin received 33554432 != 536870912 bytes; https origin received 33554432 != 536870912 bytes; https origin received 33554432 != 536870912 bytes; https origin received 33554432 != 536870912 bytes; https origin received 33554432 != 536870912 bytes; https origin received 33554432 != 536870912 bytes; https origin received 33554432 != 536870912 bytes; https origin received 33554432 != 536870912 bytes; https origin received 33554432 != 536870912 bytes; https origin received 33554432 != 536870912 bytes; https origin received 33554432 != 536870912 bytes; https origin received 33554432 != 536870912 bytes; https origin received 33554432 != 536870912 bytes; https origin received 33554432 != 536870912 bytes; https origin received 33554432 != 536870912 bytes; https origin received 33554432 != 536870912 bytes; https origin received 33554432 != 536870912 bytes; https origin received 33554432 != 536870912 bytes; https origin received 33554432 != 536870912 bytes; https origin received 33554432 != 536870912 bytes; https origin received 33554432 != 536870912 bytes; https origin received 33554432 != 536870912 bytes; https origin received 33554432 != 536870912 bytes; https origin received 33554432 != 536870912 bytes; https origin received 33554432 != 536870912 bytes; https origin received 33554432 != 536870912 bytes; https origin received 33554432 != 536870912 bytes; https origin received 33554432 != 536870912 bytes; https origin received 33554432 != 536870912 bytes; https origin received 33554432 != 536870912 bytes; https origin received 33554432 != 536870912 bytes; https origin received 33554432 != 536870912 bytes; https origin received 33554432 != 536870912 bytes; https origin received 33554432 != 536870912 bytes; https origin received 33554432 != 536870912 bytes; https origin received 33554432 != 536870912 bytes; https origin received 33554432 != 536870912 bytes; https origin received 33554432 != 536870912 bytes; https origin received 33554432 != 536870912 bytes; https origin received 33554432 != 536870912 bytes; https origin received 33554432 != 536870912 bytes; https origin received 33554432 != 536870912 bytes; https origin received 33554432 != 536870912 bytes; https origin received 33554432 != 536870912 bytes; https origin received 33554432 != 536870912 bytes; https origin received 33554432 != 536870912 bytes; https origin received 33554432 != 536870912 bytes; https origin received 33554432 != 536870912 bytes; https origin received 33554432 != 536870912 bytes; https origin received 33554432 != 536870912 bytes; https origin received 33554432 != 536870912 bytes; https origin received 33554432 != 536870912 bytes; https origin received 33554432 != 536870912 bytes; https origin received 33554432 != 536870912 bytes; https origin received 33554432 != 536870912 bytes; https origin received 33554432 != 536870912 bytes; https origin received 33554432 != 536870912 bytes; https origin received 33554432 != 536870912 bytes
cell bidi:512:1 done (9 samples)
INVALID SAMPLE bidi:512:32 final#0: curl rc=35: curl: (35) TLS connect error: error:0A000126:SSL routines::unexpected eof while reading
INVALID SAMPLE bidi:512:32 xray#0: curl rc=35: curl: (35) TLS connect error: error:0A000126:SSL routines::unexpected eof while reading
INVALID SAMPLE bidi:512:32 xray#1: curl rc=35: curl: (35) TLS connect error: error:0A000126:SSL routines::unexpected eof while reading
INVALID SAMPLE bidi:512:32 xray#2: curl rc=35: curl: (35) TLS connect error: error:0A000126:SSL routines::unexpected eof while reading
INVALID SAMPLE bidi:512:32 baseline#0: curl rc=35: curl: (35) TLS connect error: error:0A000126:SSL routines::unexpected eof while reading
INVALID SAMPLE bidi:512:32 baseline#1: curl rc=35: curl: (35) TLS connect error: error:0A000126:SSL routines::unexpected eof while reading
INVALID SAMPLE bidi:512:32 final#1: curl rc=35: curl: (35) TLS connect error: error:0A000126:SSL routines::unexpected eof while reading
INVALID SAMPLE bidi:512:32 baseline#2: curl rc=35: curl: (35) TLS connect error: error:0A000126:SSL routines::unexpected eof while reading
INVALID SAMPLE bidi:512:32 final#2: curl rc=35: curl: (35) TLS connect error: error:0A000126:SSL routines::unexpected eof while reading
cell bidi:512:32 done (9 samples)
cell fallback:1:1 done (15 samples)
cell fallback:1:4 done (15 samples)
INVALID SAMPLE fallback:1:32 final#1: curl rc=52: curl: (52) Empty reply from server
INVALID SAMPLE fallback:1:32 final#4: curl rc=52: curl: (52) Empty reply from server
cell fallback:1:32 done (15 samples)
cell fallback:32:1 done (15 samples)
cell fallback:32:4 done (15 samples)
cell fallback:32:32 done (15 samples)
cell fallback:512:1 done (9 samples)
INVALID SAMPLE fallback:512:32 baseline#0: curl rc=52: curl: (52) Empty reply from server
INVALID SAMPLE fallback:512:32 final#0: curl rc=52: curl: (52) Empty reply from server
INVALID SAMPLE fallback:512:32 baseline#1: curl rc=52: curl: (52) Empty reply from server
cell fallback:512:32 done (9 samples)
integrity baseline done
INVALID SAMPLE integrity final: curl rc=23: curl: (23) Failure writing output to destination, passed 16384 returned 4096
integrity final done
INVALID SAMPLE integrity xray: curl rc=23: curl: (23) Failure writing output to destination, passed 16384 returned 0
integrity xray done
matrix complete: 651 samples, 104 invalid -> benchmarks/final/matrix-full
